
Running 1 test using 1 worker

[1A[2K[1/1] [chromium] ΓÇ║ tests\IT23156210 - transliteration.spec.ts:88:7 ΓÇ║ Sinhala Transliteration - 37 Test Cases ΓÇ║ Pos_Fun_0002 - Compound sentence
[1A[2K  1) [chromium] ΓÇ║ tests\IT23156210 - transliteration.spec.ts:88:7 ΓÇ║ Sinhala Transliteration - 37 Test Cases ΓÇ║ Pos_Fun_0002 - Compound sentence 

    Error: [2mexpect([22m[31mlocator[39m[2m).[22mtoContainText[2m([22m[32mexpected[39m[2m)[22m failed

    Locator: locator('.card:has-text("Sinhala") .bg-slate-50')
    Expected substring: [32m"[7mα╢╢α╖âα╖è[27m α╢æα╢Ü α╢åα╖Ç[7mα╖Å[27m, α╢æα╢¡α╖è α╢╕α╢╕ α╢£α╖Æα╢║[7mα╖Ü[27m α╢▒[7mα╖æ[27m."[39m
    Received string:    [31m"[7mbus[27m α╢æα╢Ü α╢åα╖Ç, α╢æα╢¡α╖è α╢╕α╢╕ α╢£α╖Æα╢║[7mα╖Ö[27m α╢▒[7mα╖É[27m."[39m
    Timeout: 10000ms

    Call log:
    [2m  - Expect "toContainText" with timeout 10000ms[22m
    [2m  - waiting for locator('.card:has-text("Sinhala") .bg-slate-50')[22m
    [2m    5 ├ù locator resolved to <div class="w-full h-80 p-3 rounded-lg ring-1 ring-slate-300 whitespace-pre-wrap overflow-y-auto flex-grow bg-slate-50"></div>[22m
    [2m      - unexpected value ""[22m
    [2m    9 ├ù locator resolved to <div class="w-full h-80 p-3 rounded-lg ring-1 ring-slate-300 whitespace-pre-wrap overflow-y-auto flex-grow bg-slate-50">bus α╢æα╢Ü α╢åα╖Ç, α╢æα╢¡α╖è α╢╕α╢╕ α╢£α╖Æα╢║α╖Ö α╢▒α╖É.</div>[22m
    [2m      - unexpected value "bus α╢æα╢Ü α╢åα╖Ç, α╢æα╢¡α╖è α╢╕α╢╕ α╢£α╖Æα╢║α╖Ö α╢▒α╖É."[22m


      141 |     // We wait until the text content matches or contains our expected value
      142 |     // Allow more time for conversion on slower environments
    > 143 |     await expect(outputBox).toContainText(tc.expected, { timeout: 10000 });
          |                             ^
      144 |
      145 |     const output = await outputBox.textContent();
      146 |     console.log(`Running: ${tc.id} | Result: ${output}`);
        at C:\Users\Venura\Desktop\IT23156210\IT23156210\IT23156210_Playwright_Project\tests\IT23156210 - transliteration.spec.ts:143:29

    Error Context: test-results\IT23156210 - transliterati-cafc7-un-0002---Compound-sentence-chromium\error-context.md


[1A[2K  1 failed
    [chromium] ΓÇ║ tests\IT23156210 - transliteration.spec.ts:88:7 ΓÇ║ Sinhala Transliteration - 37 Test Cases ΓÇ║ Pos_Fun_0002 - Compound sentence 

[36m  Serving HTML report at http://localhost:53453. Press Ctrl+C to quit.[39m
